2024-05-02 20:27:45,947 [INFO] Watching for file changes with StatReloader
[02/May/2024 20:32:48] "GET / HTTP/1.0" 200 4817
[02/May/2024 21:08:04] "GET / HTTP/1.1" 200 4817
[02/May/2024 21:08:42] "GET / HTTP/1.0" 200 4817
2024-05-02 21:09:30,631 [INFO] Login failed with credentials: {'username': 'qy', 'password': '********************'}
[02/May/2024 21:09:30] "POST / HTTP/1.0" 200 5063
[02/May/2024 21:51:40] "GET / HTTP/1.0" 200 4817
[03/May/2024 11:06:44] "GET / HTTP/1.0" 200 4817
2024-05-03 11:07:00,054 [INFO] Login failed with credentials: {'username': 'q', 'password': '********************'}
[03/May/2024 11:07:00] "POST / HTTP/1.0" 200 5063
[05/May/2024 10:05:02] "GET / HTTP/1.0" 200 4817
2024-05-05 10:06:29,364 [INFO] Login failed with credentials: {'username': 'HSUAdmin', 'password': '********************'}
[05/May/2024 10:06:29] "POST / HTTP/1.0" 200 5063
2024-05-05 10:06:56,328 [INFO] Login failed with credentials: {'username': 'HSUAdmin', 'password': '********************'}
[05/May/2024 10:06:56] "POST / HTTP/1.0" 200 5063
[05/May/2024 10:27:49] "GET / HTTP/1.0" 200 4817
[05/May/2024 10:33:57] "GET / HTTP/1.0" 200 4817
[05/May/2024 10:53:03] "GET / HTTP/1.0" 200 4817
2024-05-05 10:53:23,824 [INFO] Login failed with credentials: {'username': 'HSUAdmin', 'password': '********************'}
[05/May/2024 10:53:23] "POST / HTTP/1.0" 200 5063
[05/May/2024 11:20:31] "GET / HTTP/1.0" 200 4817
[05/May/2024 11:32:49] "GET / HTTP/1.0" 200 4817
[05/May/2024 11:33:59] "GET /admin HTTP/1.0" 301 0
[05/May/2024 11:34:03] "GET /admin/ HTTP/1.0" 302 0
[05/May/2024 11:34:07] "GET /admin/login/?next=/admin/ HTTP/1.0" 200 2493
[05/May/2024 12:18:07] "GET / HTTP/1.0" 200 4817
[05/May/2024 12:18:37] "GET / HTTP/1.0" 200 4817
2024-05-05 12:18:56,732 [INFO] Login failed with credentials: {'username': 'HSUAdmin', 'password': '********************'}
[05/May/2024 12:18:56] "POST / HTTP/1.0" 200 5063
[05/May/2024 12:52:10] "GET / HTTP/1.0" 200 4817
[05/May/2024 13:08:06] "GET / HTTP/1.0" 200 4817
[05/May/2024 14:06:50] "GET / HTTP/1.0" 200 4817
[05/May/2024 14:08:11] "GET / HTTP/1.0" 200 4817
2024-05-05 14:08:31,153 [INFO] Login failed with credentials: {'username': 'HSUAdmin', 'password': '********************'}
[05/May/2024 14:08:31] "POST / HTTP/1.0" 200 5063
2024-05-05 14:20:20,561 [INFO] /home/admin-ssies/SISOC/env/lib/python3.10/site-packages/urllib3/response.py changed, reloading.
Performing system checks...

System check identified no issues (0 silenced).
mayo 02, 2024 - 20:27:46
Django version 4.0.2, using settings 'config.settings'
Starting development server at http://0.0.0.0:8000/
Quit the server with CONTROL-C.
Traceback (most recent call last):
  File "/home/admin-ssies/SISOC/manage.py", line 11, in main
    from django.core.management import execute_from_command_line
ModuleNotFoundError: No module named 'django'

The above exception was the direct cause of the following exception:

Traceback (most recent call last):
  File "/home/admin-ssies/SISOC/manage.py", line 22, in <module>
    main()
  File "/home/admin-ssies/SISOC/manage.py", line 13, in main
    raise ImportError(
ImportError: Couldn't import Django. Are you sure it's installed and available on your PYTHONPATH environment variable? Did you forget to activate a virtual environment?
